18-Dec-2025 19:21:51.195 信息 [main] org.apache.catalina.startup.VersionLoggerListener.log Server.服务器版本: Apache Tomcat/9.0.113
18-Dec-2025 19:21:51.200 信息 [main] org.apache.catalina.startup.VersionLoggerListener.log 服务器构建:        Dec 2 2025 19:51:24 UTC
18-Dec-2025 19:21:51.200 信息 [main] org.apache.catalina.startup.VersionLoggerListener.log 服务器版本号:      9.0.113.0
18-Dec-2025 19:21:51.200 信息 [main] org.apache.catalina.startup.VersionLoggerListener.log 操作系统名称:      Windows 11
18-Dec-2025 19:21:51.200 信息 [main] org.apache.catalina.startup.VersionLoggerListener.log OS.版本:           10.0
18-Dec-2025 19:21:51.200 信息 [main] org.apache.catalina.startup.VersionLoggerListener.log 架构:              amd64
18-Dec-2025 19:21:51.200 信息 [main] org.apache.catalina.startup.VersionLoggerListener.log Java 环境变量:     D:\JDK8\jre
18-Dec-2025 19:21:51.200 信息 [main] org.apache.catalina.startup.VersionLoggerListener.log Java虚拟机版本:    1.8.0_341-b10
18-Dec-2025 19:21:51.200 信息 [main] org.apache.catalina.startup.VersionLoggerListener.log JVM.供应商:        Oracle Corporation
18-Dec-2025 19:21:51.200 信息 [main] org.apache.catalina.startup.VersionLoggerListener.log CATALINA_BASE:     D:\Minecraft\插件制作\插件开发空间\Library-Manage-System\web
18-Dec-2025 19:21:51.201 信息 [main] org.apache.catalina.startup.VersionLoggerListener.log CATALINA_HOME:     E:\Tomcat\apache-tomcat-9.0.113\apache-tomcat-9.0.113
18-Dec-2025 19:21:51.203 信息 [main] org.apache.catalina.startup.VersionLoggerListener.log 命令行参数：       -Dcatalina.home=E:\Tomcat\apache-tomcat-9.0.113\apache-tomcat-9.0.113
18-Dec-2025 19:21:51.203 信息 [main] org.apache.catalina.startup.VersionLoggerListener.log 命令行参数：       -Dcatalina.base=D:\Minecraft\插件制作\插件开发空间\Library-Manage-System\web
18-Dec-2025 19:21:51.203 信息 [main] org.apache.catalina.startup.VersionLoggerListener.log 命令行参数：       -Djava.io.tmpdir=D:\Minecraft\插件制作\插件开发空间\Library-Manage-System\web\temp
18-Dec-2025 19:21:51.203 信息 [main] org.apache.catalina.startup.VersionLoggerListener.log 命令行参数：       -Djava.util.logging.config.file=D:\Minecraft\插件制作\插件开发空间\Library-Manage-System\web\conf\logging.properties
18-Dec-2025 19:21:51.203 信息 [main] org.apache.catalina.startup.VersionLoggerListener.log 命令行参数：       -Djava.util.logging.manager=org.apache.juli.ClassLoaderLogManager
18-Dec-2025 19:21:51.204 信息 [main] org.apache.catalina.startup.VersionLoggerListener.log 命令行参数：       -javaagent:D:\IDEA\IntelliJ IDEA Community Edition 2025.2.1\lib\idea_rt.jar=6404
18-Dec-2025 19:21:51.204 信息 [main] org.apache.catalina.startup.VersionLoggerListener.log 命令行参数：       -Dfile.encoding=UTF-8
18-Dec-2025 19:21:51.365 信息 [main] org.apache.catalina.core.AprLifecycleListener.lifecycleEvent 在java.library.path:[D:\JDK8\bin;C:\WINDOWS\Sun\Java\bin;C:\WINDOWS\system32;C:\WINDOWS;C:\Python314\Scripts\;C:\Python314\;D:\ZuluJava21\bin\;E:\VMWarePro\bin\;C:\Program Files\Common Files\Oracle\Java\javapath;C:\Windows\system32;C:\Windows;C:\Windows\System32\Wbem;C:\Windows\System32\WindowsPowerShell\v1.0\;C:\Windows\System32\OpenSSH\;C:\Program Files (x86)\NVIDIA Corporation\PhysX\Common;C:\WINDOWS\system32;C:\WINDOWS;C:\WINDOWS\System32\Wbem;C:\WINDOWS\System32\WindowsPowerShell\v1.0\;C:\WINDOWS\System32\OpenSSH\;D:\Git\Git\cmd;D:\Python;D:\Python\Scripts;C:\Program Files\Microsoft SQL Server\150\Tools\Binn\;C:\Program Files\Microsoft SQL Server\Client SDK\ODBC\170\Tools\Binn\;C:\Program Files\dotnet\;D:\JDK21\bin;D:\Minecraft\插件制作\Crack\apkDebug;C:\Program Files\MySQL\MySQL Server 9.0\bin;D:\Computerlanguage\mingw64\bin;E:\AndriodDev\platform-tools;C:\Program Files\AskLink;C:\Program Files\NVIDIA Corporation\NVIDIA App\NvDLISR;E:\wkhtmltox\wkhtmltopdf\bin;C:\ProgramData\chocolatey\bin;E:\NodeJS;E:\NodeJS\node_modules\npm\bin;E:\Cursor\cursor\resources\app\bin;C:\Python314\Scripts\;C:\Python314\;D:\ZuluJava21\bin\;E:\VMWarePro\bin\;C:\Program Files\Common Files\Oracle\Java\javapath;C:\Windows\system32;C:\Windows;C:\Windows\System32\Wbem;C:\Windows\System32\WindowsPowerShell\v1.0\;C:\Windows\System32\OpenSSH\;C:\Program Files (x86)\NVIDIA Corporation\PhysX\Common;C:\WINDOWS\system32;C:\WINDOWS;C:\WINDOWS\System32\Wbem;C:\WINDOWS\System32\WindowsPowerShell\v1.0\;C:\WINDOWS\System32\OpenSSH\;D:\Git\Git\cmd;D:\Python;D:\Python\Scripts;C:\Program Files\Microsoft SQL Server\150\Tools\Binn\;C:\Program Files\Microsoft SQL Server\Client SDK\ODBC\170\Tools\Binn\;C:\Program Files\dotnet\;D:\JDK21\bin;D:\Minecraft\插件制作\Crack\apkDebug;C:\Program Files\MySQL\MySQL Server 9.0\bin;D:\Computerlanguage\mingw64\bin;E:\AndriodDev\platform-tools;C:\Program Files\AskLink;C:\Program Files\NVIDIA Corporation\NVIDIA App\NvDLISR;E:\wkhtmltox\wkhtmltopdf\bin;;C:\ProgramData\chocolatey\bin;C:\Users\李\AppData\Local\Microsoft\WindowsApps;C:\Users\李\.dotnet\tools;C:\Users\李\AppData\Local\Programs\Microsoft VS Code\bin;D:\VSCode\Microsoft VS Code\bin;E:\抓包工具Fidddler\Fiddler;D:\IDEA\IntelliJ IDEA Community Edition 2025.2.1\bin;C:\Users\李\AppData\Local\Microsoft\WindowsApps;D:\CodeBuddy\CodeBuddy\bin;E:\NodeJS;E:\NodeJS\node_modules\npm\bin;.]上找不到基于APR的Apache Tomcat本机库，该库允许在生产环境中获得最佳性能
18-Dec-2025 19:21:51.893 信息 [main] org.apache.coyote.AbstractProtocol.init 初始化协议处理器 ["http-nio-8080"]
18-Dec-2025 19:21:51.914 信息 [main] org.apache.catalina.startup.Catalina.load 服务器在[1089]毫秒内初始化
18-Dec-2025 19:21:51.985 信息 [main] org.apache.catalina.core.StandardService.startInternal 正在启动服务[Catalina]
18-Dec-2025 19:21:51.985 信息 [main] org.apache.catalina.core.StandardEngine.startInternal 正在启动 Servlet 引擎：[Apache Tomcat/9.0.113]
18-Dec-2025 19:21:52.011 信息 [main] org.apache.catalina.startup.HostConfig.deployDescriptor 正在部署部署描述符[D:\Minecraft\插件制作\插件开发空间\Library-Manage-System\web\conf\Catalina\localhost\Library-Manage-System.xml]。
18-Dec-2025 19:21:52.103 警告 [main] org.apache.catalina.webresources.DirResourceSet.initInternal Disabled the global canonical file name cache to protect against CVE-2024-56337 when starting the WebResourceSet at [D:\Minecraft\插件制作\插件开发空间\Library-Manage-System\out\production\Library-Manage-System] which is part of the web application [/Library-Manage-System]
18-Dec-2025 19:21:55.626 信息 [main] org.apache.jasper.servlet.TldScanner.scanJars 至少有一个JAR被扫描用于TLD但尚未包含TLD。 为此记录器启用调试日志记录，以获取已扫描但未在其中找到TLD的完整JAR列表。 在扫描期间跳过不需要的JAR可以缩短启动时间和JSP编译时间。
18-Dec-2025 19:21:56.102 信息 [MLog-Init-Reporter] com.mchange.v2.log.MLog. MLog clients using java 1.4+ standard logging.
18-Dec-2025 19:21:57.550 信息 [main] com.mchange.v2.c3p0.C3P0Registry. Initializing c3p0-0.9.5.5 [built 11-December-2019 22:07:46 -0800; debug? true; trace: 10]
18-Dec-2025 19:21:57.952 信息 [main] com.mchange.v2.c3p0.impl.AbstractPoolBackedDataSource. Initializing c3p0 pool... com.mchange.v2.c3p0.ComboPooledDataSource [ acquireIncrement -> 3, acquireRetryAttempts -> 30, acquireRetryDelay -> 1000, autoCommitOnClose -> false, automaticTestTable -> null, breakAfterAcquireFailure -> false, checkoutTimeout -> 0, connectionCustomizerClassName -> null, connectionTesterClassName -> com.mchange.v2.c3p0.impl.DefaultConnectionTester, contextClassLoaderSource -> caller, dataSourceName -> mysql-book, debugUnreturnedConnectionStackTraces -> false, description -> null, driverClass -> com.mysql.jdbc.Driver, extensions -> {}, factoryClassLocation -> null, forceIgnoreUnresolvedTransactions -> false, forceSynchronousCheckins -> false, forceUseNamedDriverClass -> false, identityToken -> 1hge2vcbfdnea2p1y4nb2k|61f2c3f0, idleConnectionTestPeriod -> 0, initialPoolSize -> 10, jdbcUrl -> jdbc:mysql://127.0.0.1:3306/bookdb?useUnicode=true&characterEncoding=utf8, maxAdministrativeTaskTime -> 0, maxConnectionAge -> 0, maxIdleTime -> 30, maxIdleTimeExcessConnections -> 0, maxPoolSize -> 100, maxStatements -> 200, maxStatementsPerConnection -> 0, minPoolSize -> 10, numHelperThreads -> 3, preferredTestQuery -> null, privilegeSpawnedThreads -> false, properties -> {user=******, password=******}, propertyCycle -> 0, statementCacheNumDeferredCloseThreads -> 0, testConnectionOnCheckin -> false, testConnectionOnCheckout -> false, unreturnedConnectionTimeout -> 0, userOverrides -> {}, usesTraditionalReflectiveProxies -> false ]
